Manim Community v0.20.1

[06/08/26 14:51:14] INFO     Automatically converted   scene_file_writer.py:394
                             C:\Users\Coschool\manimat                         
                             ions\media\voiceovers\exp                         
                             ressions-using-letter-num                         
                             bers-33cf64a1.mp3 to .wav                         
                    INFO     Animation 0 : Partial     scene_file_writer.py:601
                             movie file written in                             
                             'C:\Users\Coschool\manima                         
                             tions\media\videos\repeat                         
                             ing_patterns\480p15\parti                         
                             al_movie_files\RepeatingP                         
                             atternsScene\668060172_43                         
                             0456556_631829896.mp4'                            
[06/08/26 14:51:15] INFO     Animation 1 : Partial     scene_file_writer.py:601
                             movie file written in                             
                             'C:\Users\Coschool\manima                         
                             tions\media\videos\repeat                         
                             ing_patterns\480p15\parti                         
                             al_movie_files\RepeatingP                         
                             atternsScene\668060172_28                         
                             41753122_1666280314.mp4'                          
                    INFO     Animation 2 : Partial     scene_file_writer.py:601
                             movie file written in                             
                             'C:\Users\Coschool\manima                         
                             tions\media\videos\repeat                         
                             ing_patterns\480p15\parti                         
                             al_movie_files\RepeatingP                         
                             atternsScene\1263443165_1                         
                             538943981_3998609284.mp4'                         
                    INFO     Animation 3 : Partial     scene_file_writer.py:601
                             movie file written in                             
                             'C:\Users\Coschool\manima                         
                             tions\media\videos\repeat                         
                             ing_patterns\480p15\parti                         
                             al_movie_files\RepeatingP                         
                             atternsScene\1263443165_3                         
                             585970359_3559707137.mp4'                         
[06/08/26 14:51:16] INFO     Animation 4 : Partial     scene_file_writer.py:601
                             movie file written in                             
                             'C:\Users\Coschool\manima                         
                             tions\media\videos\repeat                         
                             ing_patterns\480p15\parti                         
                             al_movie_files\RepeatingP                         
                             atternsScene\1263443165_1                         
                             911705711_1218899341.mp4'                         
                    INFO     Animation 5 : Partial     scene_file_writer.py:601
                             movie file written in                             
                             'C:\Users\Coschool\manima                         
                             tions\media\videos\repeat                         
                             ing_patterns\480p15\parti                         
                             al_movie_files\RepeatingP                         
                             atternsScene\1263443165_2                         
                             514011427_3968961708.mp4'                         
                    INFO     Animation 6 : Using cached    cairo_renderer.py:94
                             data (hash :                                      
                             948293694_3052040169_31967641                     
                             03)                                               
                    INFO     Animation 7 : Using cached    cairo_renderer.py:94
                             data (hash :                                      
                             948293694_952167764_181444476                     
                             2)                                                
                    INFO     Automatically converted   scene_file_writer.py:394
                             C:\Users\Coschool\manimat                         
                             ions\media\voiceovers\thi                         
                             nk-about-traffic-lights-t                         
                             hey-cycle-through-red-71a                         
                             534fa.mp3 to .wav                                 
                    INFO     Animation 8 : Using cached    cairo_renderer.py:94
                             data (hash :                                      
                             948293694_1834270682_25130120                     
                             35)                                               
[06/08/26 14:51:17] INFO     Animation 9 : Using cached    cairo_renderer.py:94
                             data (hash :                                      
                             948293694_1551251526_33453060                     
                             79)                                               
                    INFO     Animation 10 : Using cached   cairo_renderer.py:94
                             data (hash :                                      
                             948293694_2514011427_33848107                     
                             7)                                                
                    INFO     Animation 11 : Using cached   cairo_renderer.py:94
                             data (hash :                                      
                             948293694_797966740_169094167                     
                             4)                                                
                    INFO     Animation 12 : Using cached   cairo_renderer.py:94
                             data (hash :                                      
                             948293694_2514011427_11996147                     
                             64)                                               
                    INFO     Animation 13 : Using cached   cairo_renderer.py:94
                             data (hash :                                      
                             948293694_1458942414_97561780                     
                             1)                                                
                    INFO     Animation 14 : Using cached   cairo_renderer.py:94
                             data (hash :                                      
                             948293694_978105254_293280465                     
                             3)                                                
                    INFO     Animation 15 : Partial    scene_file_writer.py:601
                             movie file written in                             
                             'C:\Users\Coschool\manima                         
                             tions\media\videos\repeat                         
                             ing_patterns\480p15\parti                         
                             al_movie_files\RepeatingP                         
                             atternsScene\948293694_57                         
                             1716430_2697068173.mp4'                           
                    INFO     Animation 16 : Using cached   cairo_renderer.py:94
                             data (hash :                                      
                             948293694_470269204_437065221                     
                             )                                                 
[06/08/26 14:51:18] INFO     Animation 17 : Partial    scene_file_writer.py:601
                             movie file written in                             
                             'C:\Users\Coschool\manima                         
                             tions\media\videos\repeat                         
                             ing_patterns\480p15\parti                         
                             al_movie_files\RepeatingP                         
                             atternsScene\948293694_21                         
                             59824767_2712870158.mp4'                          
[06/08/26 14:51:19] INFO     Animation 18 : Using cached   cairo_renderer.py:94
                             data (hash :                                      
                             948293694_146593186_292463288                     
                             0)                                                
                    INFO     Animation 19 : Partial    scene_file_writer.py:601
                             movie file written in                             
                             'C:\Users\Coschool\manima                         
                             tions\media\videos\repeat                         
                             ing_patterns\480p15\parti                         
                             al_movie_files\RepeatingP                         
                             atternsScene\948293694_43                         
                             2389740_1695215373.mp4'                           
                    INFO     Animation 20 : Using cached   cairo_renderer.py:94
                             data (hash :                                      
                             948293694_3585970359_40537874                     
                             75)                                               
[06/08/26 14:51:20] INFO     Animation 21 : Using cached   cairo_renderer.py:94
                             data (hash :                                      
                             948293694_2360674907_29499333                     
                             16)                                               
                    INFO     Animation 22 : Using cached   cairo_renderer.py:94
                             data (hash :                                      
                             948293694_2514011427_34598235                     
                             01)                                               
                    INFO     Animation 23 : Using cached   cairo_renderer.py:94
                             data (hash :                                      
                             948293694_3052040169_36849975                     
                             )                                                 
                    INFO     Animation 24 : Using cached   cairo_renderer.py:94
                             data (hash :                                      
                             948293694_952167764_287017444                     
                             2)                                                
[06/08/26 14:51:21] INFO     Automatically converted   scene_file_writer.py:394
                             C:\Users\Coschool\manimat                         
                             ions\media\voiceovers\a-r                         
                             epeating-pattern-cycles-t                         
                             hrough-a-fixed-set-of-a2d                         
                             cfecf.mp3 to .wav                                 
                    INFO     Animation 25 : Using cached   cairo_renderer.py:94
                             data (hash :                                      
                             948293694_1843340241_38213610                     
                             00)                                               
                    INFO     Animation 26 : Partial    scene_file_writer.py:601
                             movie file written in                             
                             'C:\Users\Coschool\manima                         
                             tions\media\videos\repeat                         
                             ing_patterns\480p15\parti                         
                             al_movie_files\RepeatingP                         
                             atternsScene\948293694_94                         
                             0176033_878409920.mp4'                            
                    INFO     Animation 27 : Using cached   cairo_renderer.py:94
                             data (hash :                                      
                             948293694_3931103706_31444490                     
                             42)                                               
[06/08/26 14:51:22] INFO     Animation 28 : Partial    scene_file_writer.py:601
                             movie file written in                             
                             'C:\Users\Coschool\manima                         
                             tions\media\videos\repeat                         
                             ing_patterns\480p15\parti                         
                             al_movie_files\RepeatingP                         
                             atternsScene\948293694_38                         
                             75876737_3290365852.mp4'                          
                    INFO     Animation 29 : Using cached   cairo_renderer.py:94
                             data (hash :                                      
                             948293694_1445132846_37614475                     
                             96)                                               
                    INFO     Animation 30 : Partial    scene_file_writer.py:601
                             movie file written in                             
                             'C:\Users\Coschool\manima                         
                             tions\media\videos\repeat                         
                             ing_patterns\480p15\parti                         
                             al_movie_files\RepeatingP                         
                             atternsScene\948293694_14                         
                             71877907_2068965404.mp4'                          
                    INFO     Animation 31 : Using cached   cairo_renderer.py:94
                             data (hash :                                      
                             948293694_3585970359_94047665                     
                             5)                                                
                    INFO     Animation 32 : Using cached   cairo_renderer.py:94
                             data (hash :                                      
                             948293694_2566153637_38419209                     
                             27)                                               
[06/08/26 14:51:23] INFO     Animation 33 : Using cached   cairo_renderer.py:94
                             data (hash :                                      
                             948293694_2514011427_36357374                     
                             88)                                               
                    INFO     Animation 34 : Using cached   cairo_renderer.py:94
                             data (hash :                                      
                             948293694_3052040169_86195538                     
                             6)                                                
                    INFO     Animation 35 : Using cached   cairo_renderer.py:94
                             data (hash :                                      
                             948293694_952167764_229101643                     
                             1)                                                
                    INFO     Automatically converted   scene_file_writer.py:394
                             C:\Users\Coschool\manimat                         
                             ions\media\voiceovers\to-                         
                             find-which-element-appear                         
                             s-at-position-n-we-3fd0d6                         
                             ea.mp3 to .wav                                    
                    ERROR    MathTex: Could not find SVG     tex_mobject.py:532
                             group for tex part 'n' (id:                       
                             unique000). Using fallback to                     
                             root group.                                       
                    ERROR    MathTex: Could not find SVG     tex_mobject.py:532
                             group for tex part '\div' (id:                    
                             unique000). Using fallback to                     
                             root group.                                       
                    ERROR    MathTex: Could not find SVG     tex_mobject.py:532
                             group for tex part '\text{cycle                   
                             length}' (id: unique000). Using                   
                             fallback to root group.                           
                    ERROR    MathTex: Could not find SVG     tex_mobject.py:532
                             group for tex part                                
                             '\rightarrow' (id: unique000).                    
                             Using fallback to root group.                     
                    ERROR    MathTex: Could not find SVG     tex_mobject.py:532
                             group for tex part                                
                             '\text{remainder}' (id:                           
                             unique000). Using fallback to                     
                             root group.                                       
                    INFO     Animation 36 : Using cached   cairo_renderer.py:94
                             data (hash :                                      
                             948293694_220630401_194595654                     
                             4)                                                
[06/08/26 14:51:24] INFO     Animation 37 : Using cached   cairo_renderer.py:94
                             data (hash :                                      
                             948293694_168538282_160213438                     
                             6)                                                
                    INFO     Animation 38 : Using cached   cairo_renderer.py:94
                             data (hash :                                      
                             948293694_3065435905_35916471                     
                             21)                                               
                    INFO     Animation 39 : Partial    scene_file_writer.py:601
                             movie file written in                             
                             'C:\Users\Coschool\manima                         
                             tions\media\videos\repeat                         
                             ing_patterns\480p15\parti                         
                             al_movie_files\RepeatingP                         
                             atternsScene\948293694_20                         
                             55898903_783930886.mp4'                           
                    INFO     Animation 40 : Using cached   cairo_renderer.py:94
                             data (hash :                                      
                             948293694_2822095975_45184613                     
                             7)                                                
                    INFO     Animation 41 : Using cached   cairo_renderer.py:94
                             data (hash :                                      
                             948293694_2477333113_19273846                     
                             10)                                               
[06/08/26 14:51:25] INFO     Animation 42 : Partial    scene_file_writer.py:601
                             movie file written in                             
                             'C:\Users\Coschool\manima                         
                             tions\media\videos\repeat                         
                             ing_patterns\480p15\parti                         
                             al_movie_files\RepeatingP                         
                             atternsScene\948293694_19                         
                             56578994_2612186172.mp4'                          
                    INFO     Animation 43 : Using cached   cairo_renderer.py:94
                             data (hash :                                      
                             948293694_2796437424_18647486                     
                             70)                                               
                    INFO     Animation 44 : Using cached   cairo_renderer.py:94
                             data (hash :                                      
                             948293694_3455985397_31337405                     
                             37)                                               
                    INFO     Animation 45 : Using cached   cairo_renderer.py:94
                             data (hash :                                      
                             948293694_2514011427_10201858                     
                             86)                                               
                    INFO     Animation 46 : Using cached   cairo_renderer.py:94
                             data (hash :                                      
                             948293694_1983251322_77111063                     
                             8)                                                
[06/08/26 14:51:26] INFO     Animation 47 : Using cached   cairo_renderer.py:94
                             data (hash :                                      
                             948293694_3200428631_32636865                     
                             99)                                               
                    INFO     Animation 48 : Partial    scene_file_writer.py:601
                             movie file written in                             
                             'C:\Users\Coschool\manima                         
                             tions\media\videos\repeat                         
                             ing_patterns\480p15\parti                         
                             al_movie_files\RepeatingP                         
                             atternsScene\948293694_42                         
                             88848555_4080545930.mp4'                          
[06/08/26 14:51:27] INFO     Animation 49 : Using cached   cairo_renderer.py:94
                             data (hash :                                      
                             948293694_3067171725_58501200                     
                             3)                                                
                    INFO     Animation 50 : Using cached   cairo_renderer.py:94
                             data (hash :                                      
                             948293694_933237731_309490730                     
                             1)                                                
[06/08/26 14:51:28] INFO     Animation 51 : Partial    scene_file_writer.py:601
                             movie file written in                             
                             'C:\Users\Coschool\manima                         
                             tions\media\videos\repeat                         
                             ing_patterns\480p15\parti                         
                             al_movie_files\RepeatingP                         
                             atternsScene\948293694_25                         
                             6619537_3294096276.mp4'                           
                    INFO     Animation 52 : Using cached   cairo_renderer.py:94
                             data (hash :                                      
                             948293694_3394500337_31481892                     
                             12)                                               
[06/08/26 14:51:29] INFO     Animation 53 : Using cached   cairo_renderer.py:94
                             data (hash :                                      
                             948293694_761803664_413732891                     
                             3)                                                
                    INFO     Animation 54 : Using cached   cairo_renderer.py:94
                             data (hash :                                      
                             948293694_2514011427_92650353                     
                             1)                                                
                    INFO     Animation 55 : Using cached   cairo_renderer.py:94
                             data (hash :                                      
                             948293694_3052040169_11361925                     
                             96)                                               
                    INFO     Animation 56 : Using cached   cairo_renderer.py:94
                             data (hash :                                      
                             948293694_952167764_22364073)                     
                    INFO     Animation 57 : Using cached   cairo_renderer.py:94
                             data (hash :                                      
                             948293694_1789289030_39016345                     
                             25)                                               
[06/08/26 14:51:30] INFO     Automatically converted   scene_file_writer.py:394
                             C:\Users\Coschool\manimat                         
                             ions\media\voiceovers\for                         
                             -the-traffic-light-positi                         
                             on-forty-divide-forty-551                         
                             ed9c8.mp3 to .wav                                 
                    INFO     Animation 58 : Using cached   cairo_renderer.py:94
                             data (hash :                                      
                             948293694_2204198666_27933531                     
                             13)                                               
                    ERROR    MathTex: Could not find SVG     tex_mobject.py:532
                             group for tex part                                
                             '\text{Position: } 40' (id:                       
                             unique000). Using fallback to                     
                             root group.                                       
                    INFO     Animation 59 : Using cached   cairo_renderer.py:94
                             data (hash :                                      
                             948293694_92292525_1086011772                     
                             )                                                 
                    INFO     Animation 60 : Partial    scene_file_writer.py:601
                             movie file written in                             
                             'C:\Users\Coschool\manima                         
                             tions\media\videos\repeat                         
                             ing_patterns\480p15\parti                         
                             al_movie_files\RepeatingP                         
                             atternsScene\948293694_24                         
                             87596721_3144275513.mp4'                          
                    ERROR    MathTex: Could not find SVG     tex_mobject.py:532
                             group for tex part '40 \div 3'                    
                             (id: unique000). Using fallback                   
                             to root group.                                    
                    INFO     Animation 61 : Using cached   cairo_renderer.py:94
                             data (hash :                                      
                             948293694_4290305844_95600431                     
                             7)                                                
                    INFO     Animation 62 : Partial    scene_file_writer.py:601
                             movie file written in                             
                             'C:\Users\Coschool\manima                         
                             tions\media\videos\repeat                         
                             ing_patterns\480p15\parti                         
                             al_movie_files\RepeatingP                         
                             atternsScene\948293694_25                         
                             75136228_445545693.mp4'                           
                    ERROR    MathTex: Could not find SVG     tex_mobject.py:532
                             group for tex part '= 13 \text{                   
                             remainder } 1' (id: unique000).                   
                             Using fallback to root group.                     
[06/08/26 14:51:31] INFO     Animation 63 : Using cached   cairo_renderer.py:94
                             data (hash :                                      
                             948293694_3131005244_21862883                     
                             24)                                               
                    INFO     Animation 64 : Partial    scene_file_writer.py:601
                             movie file written in                             
                             'C:\Users\Coschool\manima                         
                             tions\media\videos\repeat                         
                             ing_patterns\480p15\parti                         
                             al_movie_files\RepeatingP                         
                             atternsScene\948293694_37                         
                             72184403_3600231275.mp4'                          
                    INFO     Animation 65 : Using cached   cairo_renderer.py:94
                             data (hash :                                      
                             948293694_1871159112_39729186                     
                             85)                                               
                    ERROR    MathTex: Could not find SVG     tex_mobject.py:532
                             group for tex part '\text{rem }                   
                             1 \rightarrow \text{RED}' (id:                    
                             unique000). Using fallback to                     
                             root group.                                       
[06/08/26 14:51:32] INFO     Animation 66 : Using cached   cairo_renderer.py:94
                             data (hash :                                      
                             948293694_1690802188_34304698                     
                             7)                                                
                    INFO     Animation 67 : Partial    scene_file_writer.py:601
                             movie file written in                             
                             'C:\Users\Coschool\manima                         
                             tions\media\videos\repeat                         
                             ing_patterns\480p15\parti                         
                             al_movie_files\RepeatingP                         
                             atternsScene\948293694_32                         
                             61299845_3713266327.mp4'                          
                    ERROR    MathTex: Could not find SVG     tex_mobject.py:532
                             group for tex part                                
                             '\text{Position 40} =                             
                             \text{Red}' (id: unique000).                      
                             Using fallback to root group.                     
                    INFO     Animation 68 : Using cached   cairo_renderer.py:94
                             data (hash :                                      
                             948293694_147764091_301025411                     
                             5)                                                
[06/08/26 14:51:33] INFO     Animation 69 : Partial    scene_file_writer.py:601
                             movie file written in                             
                             'C:\Users\Coschool\manima                         
                             tions\media\videos\repeat                         
                             ing_patterns\480p15\parti                         
                             al_movie_files\RepeatingP                         
                             atternsScene\948293694_12                         
                             77340496_2498637781.mp4'                          
                    INFO     Animation 70 : Using cached   cairo_renderer.py:94
                             data (hash :                                      
                             948293694_3394500337_79111907                     
                             6)                                                
                    INFO     Animation 71 : Using cached   cairo_renderer.py:94
                             data (hash :                                      
                             948293694_510529943_327192056                     
                             5)                                                
                    INFO     Animation 72 : Using cached   cairo_renderer.py:94
                             data (hash :                                      
                             948293694_2514011427_13681134                     
                             11)                                               
                    INFO     Animation 73 : Using cached   cairo_renderer.py:94
                             data (hash :                                      
                             948293694_3052040169_20962193                     
                             89)                                               
[06/08/26 14:51:34] INFO     Animation 74 : Using cached   cairo_renderer.py:94
                             data (hash :                                      
                             948293694_1546636312_10493421                     
                             05)                                               
                    INFO     Automatically converted   scene_file_writer.py:394
                             C:\Users\Coschool\manimat                         
                             ions\media\voiceovers\a-p                         
                             attern-repeats-circle-squ                         
                             are-triangle-then-de393d8                         
                             6.mp3 to .wav                                     
                    INFO     Animation 75 : Using cached   cairo_renderer.py:94
                             data (hash :                                      
                             948293694_1070650444_41156644                     
                             45)                                               
[06/08/26 14:51:35] INFO     Animation 76 : Partial    scene_file_writer.py:601
                             movie file written in                             
                             'C:\Users\Coschool\manima                         
                             tions\media\videos\repeat                         
                             ing_patterns\480p15\parti                         
                             al_movie_files\RepeatingP                         
                             atternsScene\948293694_67                         
                             7010587_1275424352.mp4'                           
                    INFO     Animation 77 : Using cached   cairo_renderer.py:94
                             data (hash :                                      
                             948293694_3412591869_24905101                     
                             34)                                               
                    INFO     Animation 78 : Using cached   cairo_renderer.py:94
                             data (hash :                                      
                             948293694_3840013660_11307836                     
                             50)                                               
[06/08/26 14:51:36] INFO     Animation 79 : Partial    scene_file_writer.py:601
                             movie file written in                             
                             'C:\Users\Coschool\manima                         
                             tions\media\videos\repeat                         
                             ing_patterns\480p15\parti                         
                             al_movie_files\RepeatingP                         
                             atternsScene\948293694_24                         
                             11886116_2144954997.mp4'                          
                    INFO     Animation 80 : Using cached   cairo_renderer.py:94
                             data (hash :                                      
                             948293694_3982259676_10528344                     
                             68)                                               
[06/08/26 14:51:37] INFO     Animation 81 : Using cached   cairo_renderer.py:94
                             data (hash :                                      
                             948293694_2979869044_67051714                     
                             4)                                                
                    INFO     Automatically converted   scene_file_writer.py:394
                             C:\Users\Coschool\manimat                         
                             ions\media\voiceovers\cyc                         
                             le-length-is-three-divide                         
                             -twenty-nine-by-three-c1c                         
                             30f72.mp3 to .wav                                 
[06/08/26 14:51:38] INFO     Animation 82 : Using cached   cairo_renderer.py:94
                             data (hash :                                      
                             948293694_1407352271_27622227                     
                             31)                                               
                    ERROR    MathTex: Could not find SVG     tex_mobject.py:532
                             group for tex part '\text{Cycle                   
                             length} = 3' (id: unique000).                     
                             Using fallback to root group.                     
                    INFO     Animation 83 : Using cached   cairo_renderer.py:94
                             data (hash :                                      
                             948293694_1050200647_17501979                     
                             57)                                               
[06/08/26 14:51:39] INFO     Animation 84 : Partial    scene_file_writer.py:601
                             movie file written in                             
                             'C:\Users\Coschool\manima                         
                             tions\media\videos\repeat                         
                             ing_patterns\480p15\parti                         
                             al_movie_files\RepeatingP                         
                             atternsScene\948293694_22                         
                             11977219_514338476.mp4'                           
                    ERROR    MathTex: Could not find SVG     tex_mobject.py:532
                             group for tex part '29 \div 3 =                   
                             9 \text{ remainder } 2' (id:                      
                             unique000). Using fallback to                     
                             root group.                                       
[06/08/26 14:51:40] INFO     Animation 85 : Using cached   cairo_renderer.py:94
                             data (hash :                                      
                             948293694_1364439956_34695679                     
                             73)                                               
                    INFO     Animation 86 : Partial    scene_file_writer.py:601
                             movie file written in                             
                             'C:\Users\Coschool\manima                         
                             tions\media\videos\repeat                         
                             ing_patterns\480p15\parti                         
                             al_movie_files\RepeatingP                         
                             atternsScene\948293694_40                         
                             58373200_2437483671.mp4'                          
[06/08/26 14:51:41] INFO     Animation 87 : Using cached   cairo_renderer.py:94
                             data (hash :                                      
                             948293694_2416305135_28043995                     
                             70)                                               
                    ERROR    MathTex: Could not find SVG     tex_mobject.py:532
                             group for tex part '\text{rem }                   
                             2 \rightarrow \text{2nd}                          
                             \rightarrow\text{Square}' (id:                    
                             unique000). Using fallback to                     
                             root group.                                       
                    INFO     Animation 88 : Using cached   cairo_renderer.py:94
                             data (hash :                                      
                             948293694_87637750_4083103038                     
                             )                                                 
[06/08/26 14:51:42] INFO     Animation 89 : Partial    scene_file_writer.py:601
                             movie file written in                             
                             'C:\Users\Coschool\manima                         
                             tions\media\videos\repeat                         
                             ing_patterns\480p15\parti                         
                             al_movie_files\RepeatingP                         
                             atternsScene\948293694_31                         
                             85205629_3687259400.mp4'                          
                    ERROR    MathTex: Could not find SVG     tex_mobject.py:532
                             group for tex part                                
                             '\text{Position 29} =                             
                             \text{Square}' (id: unique000).                   
                             Using fallback to root group.                     
[06/08/26 14:51:43] INFO     Animation 90 : Using cached   cairo_renderer.py:94
                             data (hash :                                      
                             948293694_2003315800_21064110                     
                             89)                                               
[06/08/26 14:51:44] INFO     Animation 91 : Partial    scene_file_writer.py:601
                             movie file written in                             
                             'C:\Users\Coschool\manima                         
                             tions\media\videos\repeat                         
                             ing_patterns\480p15\parti                         
                             al_movie_files\RepeatingP                         
                             atternsScene\948293694_10                         
                             76776705_3214703561.mp4'                          
                    INFO     Animation 92 : Using cached   cairo_renderer.py:94
                             data (hash :                                      
                             948293694_1433877407_30126448                     
                             43)                                               
[06/08/26 14:51:45] INFO     Animation 93 : Using cached   cairo_renderer.py:94
                             data (hash :                                      
                             948293694_1588577233_97851374                     
                             0)                                                
[06/08/26 14:51:46] INFO     Animation 94 : Using cached   cairo_renderer.py:94
                             data (hash :                                      
                             948293694_2514011427_19325314                     
                             48)                                               
                    INFO     Animation 95 : Using cached   cairo_renderer.py:94
                             data (hash :                                      
                             948293694_3052040169_30268165                     
                             48)                                               
                    INFO     Animation 96 : Using cached   cairo_renderer.py:94
                             data (hash :                                      
                             948293694_1117470482_13301658                     
                             16)                                               
                    INFO     Automatically converted   scene_file_writer.py:394
                             C:\Users\Coschool\manimat                         
                             ions\media\voiceovers\a-r                         
                             epeating-pattern-cycles-t                         
                             hrough-a-fixed-set-of-ebf                         
                             d512d.mp3 to .wav                                 
[06/08/26 14:51:47] INFO     Animation 97 : Using cached   cairo_renderer.py:94
                             data (hash :                                      
                             948293694_2263287494_14750516                     
                             26)                                               
                    INFO     Animation 98 : Partial    scene_file_writer.py:601
                             movie file written in                             
                             'C:\Users\Coschool\manima                         
                             tions\media\videos\repeat                         
                             ing_patterns\480p15\parti                         
                             al_movie_files\RepeatingP                         
                             atternsScene\948293694_21                         
                             93064620_2321879717.mp4'                          
[06/08/26 14:51:48] INFO     Animation 99 : Using cached   cairo_renderer.py:94
                             data (hash :                                      
                             948293694_621907872_129988842                     
                             6)                                                
[06/08/26 14:51:49] INFO     Animation 100 : Partial   scene_file_writer.py:601
                             movie file written in                             
                             'C:\Users\Coschool\manima                         
                             tions\media\videos\repeat                         
                             ing_patterns\480p15\parti                         
                             al_movie_files\RepeatingP                         
                             atternsScene\948293694_18                         
                             72488958_237733880.mp4'                           
[06/08/26 14:51:50] INFO     Animation 101 : Using cached  cairo_renderer.py:94
                             data (hash :                                      
                             948293694_2144987897_12776460                     
                             90)                                               
[06/08/26 14:51:52] INFO     Animation 102 : Partial   scene_file_writer.py:601
                             movie file written in                             
                             'C:\Users\Coschool\manima                         
                             tions\media\videos\repeat                         
                             ing_patterns\480p15\parti                         
                             al_movie_files\RepeatingP                         
                             atternsScene\948293694_35                         
                             14402275_3221034017.mp4'                          
[06/08/26 14:51:53] INFO     Animation 103 : Using cached  cairo_renderer.py:94
                             data (hash :                                      
                             948293694_3932249147_30524979                     
                             02)                                               
                    INFO     Animation 104 : Using cached  cairo_renderer.py:94
                             data (hash :                                      
                             948293694_1571450998_38619330                     
                             31)                                               
[06/08/26 14:51:54] INFO     Animation 105 : Using cached  cairo_renderer.py:94
                             data (hash :                                      
                             948293694_2514011427_37940252                     
                             18)                                               
                    INFO     Animation 106 : Using cached  cairo_renderer.py:94
                             data (hash :                                      
                             948293694_3052040169_18842169                     
                             54)                                               
                    INFO     Combining to Movie file.  scene_file_writer.py:753
[06/08/26 14:51:59] WARNING  Some options were not     scene_file_writer.py:819
                             used: {'shortest': '1',                           
                             'metadata':                                       
                             'comment=Rendered with                            
                             Manim Community v0.20.1'}                         
[06/08/26 14:52:00] INFO                               scene_file_writer.py:904
                             File ready at                                     
                             'C:\Users\Coschool\manima                         
                             tions\media\videos\repeat                         
                             ing_patterns\480p15\Repea                         
                             tingPatternsScene.mp4'                            
                                                                               
                    INFO     The partial movie         scene_file_writer.py:874
                             directory is full (> 100                          
                             files). Therefore, manim                          
                             has removed the 31 oldest                         
                             file(s). You can change                           
                             this behaviour by                                 
                             changing max_files_cached                         
                             in config.                                        
                    INFO     Subcaption file has been  scene_file_writer.py:899
                             written as                                        
                             C:\Users\Coschool\manimat                         
                             ions\media\videos\repeati                         
                             ng_patterns\480p15\Repeat                         
                             ingPatternsScene.srt                              
                    INFO     Rendered RepeatingPatternsScene       scene.py:278
                             Played 107 animations                             
C:\Users\Coschool\manimations\.venv311\Lib\site-packages\manim_voiceover\__init__.py:4: UserWarning: pkg_resources is deprecated as an API. See https://setuptools.pypa.io/en/latest/pkg_resources.html. The pkg_resources package is slated for removal as early as 2025-11-30. Refrain from using this package or pin to Setuptools<81.
  import pkg_resources

Animation 1: FadeIn(Text('Expressions Using Letter Numbers')):   0%|          | 0/12 [00:00<?, ?it/s]
Animation 1: FadeIn(Text('Expressions Using Letter Numbers')):  92%|#########1| 11/12 [00:00<00:00, 102.81it/s]
                                                                                                               

Animation 4: FadeOut(Text('Expressions Using Letter Numbers')):   0%|          | 0/12 [00:00<?, ?it/s]
                                                                                                      

Animation 7: FadeIn(VGroup of 2 submobjects):   0%|          | 0/1 [00:00<?, ?it/s]
                                                                                   

Animation 9: FadeIn(Circle), etc.:   0%|          | 0/1 [00:00<?, ?it/s]
                                                                        

Animation 11: FadeIn(Circle), etc.:   0%|          | 0/1 [00:00<?, ?it/s]
                                                                         

Animation 13: FadeIn(Circle), etc.:   0%|          | 0/1 [00:00<?, ?it/s]
                                                                         

Animation 14: FadeIn(CurvedArrow):   0%|          | 0/1 [00:00<?, ?it/s]
                                                                        

Animation 16: FadeIn(Text('40th?')):   0%|          | 0/1 [00:00<?, ?it/s]
                                                                          

Animation 18: FadeIn(VGroup of 2 submobjects):   0%|          | 0/1 [00:00<?, ?it/s]
                                                                                    

Animation 21: FadeOut(VGroup of 2 submobjects), etc.:   0%|          | 0/1 [00:00<?, ?it/s]
                                                                                           

Animation 24: FadeIn(VGroup of 2 submobjects):   0%|          | 0/1 [00:00<?, ?it/s]
                                                                                    

Animation 25: FadeIn(VGroup of 6 submobjects), etc.:   0%|          | 0/1 [00:00<?, ?it/s]
                                                                                          

Animation 27: FadeIn(Brace), etc.:   0%|          | 0/1 [00:00<?, ?it/s]
                                                                        

Animation 29: FadeIn(Text('3')):   0%|          | 0/1 [00:00<?, ?it/s]
                                                                      

Animation 32: FadeOut(VGroup of 2 submobjects), etc.:   0%|          | 0/1 [00:00<?, ?it/s]
                                                                                           

Animation 35: FadeIn(VGroup of 2 submobjects):   0%|          | 0/1 [00:00<?, ?it/s]
                                                                                    

Animation 36: FadeIn(MathTex('n')):   0%|          | 0/1 [00:00<?, ?it/s]
                                                                         

Animation 37: FadeIn(MathTex('\\div')), etc.:   0%|          | 0/1 [00:00<?, ?it/s]
                                                                                   

Animation 38: FadeIn(MathTex('\\rightarrow')), etc.:   0%|          | 0/1 [00:00<?, ?it/s]
                                                                                          

Animation 40: FadeIn(VGroup of 3 submobjects), etc.:   0%|          | 0/1 [00:00<?, ?it/s]
                                                                                          

Animation 41: FadeIn(Arrow):   0%|          | 0/1 [00:00<?, ?it/s]
                                                                  

Animation 43: _MethodAnimation(Circle):   0%|          | 0/1 [00:00<?, ?it/s]
                                                                             

Animation 44: FadeIn(Text('rem 1')):   0%|          | 0/1 [00:00<?, ?it/s]
                                                                          

Animation 46: _MethodAnimation(Circle):   0%|          | 0/1 [00:00<?, ?it/s]
                                                                             

Animation 47: FadeIn(Text('rem 2')):   0%|          | 0/1 [00:00<?, ?it/s]
                                                                          

Animation 49: FadeIn(VGroup of 2 submobjects):   0%|          | 0/1 [00:00<?, ?it/s]
                                                                                    

Animation 50: FadeIn(VGroup of 2 submobjects):   0%|          | 0/1 [00:00<?, ?it/s]
                                                                                    

Animation 53: FadeOut(VGroup of 2 submobjects), etc.:   0%|          | 0/1 [00:00<?, ?it/s]
                                                                                           

Animation 56: FadeIn(VGroup of 2 submobjects):   0%|          | 0/1 [00:00<?, ?it/s]
                                                                                    

Animation 57: FadeIn(VGroup of 3 submobjects), etc.:   0%|          | 0/1 [00:00<?, ?it/s]
                                                                                          

Animation 59: FadeIn(MathTex('\\text{Position: } 40')):   0%|          | 0/1 [00:00<?, ?it/s]
                                                                                             

Animation 61: _MethodAnimation(MathTex('\\text{Position: } 40')), etc.:   0%|          | 0/1 [00:00<?, ?it/s]
                                                                                                             

Animation 63: _MethodAnimation(MathTex('\\text{Position: } 40')), etc.:   0%|          | 0/1 [00:00<?, ?it/s]
                                                                                                             

Animation 65: _MethodAnimation(Circle):   0%|          | 0/1 [00:00<?, ?it/s]
                                                                             

Animation 66: _MethodAnimation(MathTex('\\text{Position: } 40')), etc.:   0%|          | 0/1 [00:00<?, ?it/s]
                                                                                                             

Animation 68: FadeIn(MathTex('\\text{Position 40} = \\text{Red}')):   0%|          | 0/1 [00:00<?, ?it/s]
                                                                                                         

Animation 71: FadeOut(VGroup of 2 submobjects), etc.:   0%|          | 0/1 [00:00<?, ?it/s]
                                                                                           

Animation 74: FadeIn(VGroup of 2 submobjects):   0%|          | 0/1 [00:00<?, ?it/s]
                                                                                    

Animation 75: FadeIn(Text('What shape appears at position 29?')):   0%|          | 0/1 [00:00<?, ?it/s]
                                                                                                       

Animation 77: FadeIn(VGroup of 6 submobjects):   0%|          | 0/1 [00:00<?, ?it/s]
                                                                                    

Animation 78: FadeIn(Text('29th?')):   0%|          | 0/1 [00:00<?, ?it/s]
                                                                          

Animation 80: FadeOut(VGroup of 2 submobjects), etc.:   0%|          | 0/1 [00:00<?, ?it/s]
                                                                                           

Animation 81: _MethodAnimation(VGroup of 6 submobjects), etc.:   0%|          | 0/1 [00:00<?, ?it/s]
                                                                                                    

Animation 83: FadeIn(MathTex('\\text{Cycle length} = 3')):   0%|          | 0/1 [00:00<?, ?it/s]
                                                                                                

Animation 85: _MethodAnimation(MathTex('\\text{Cycle length} = 3')), etc.:   0%|          | 0/1 [00:00<?, ?it/s]
                                                                                                                

Animation 87: _MethodAnimation(Square):   0%|          | 0/1 [00:00<?, ?it/s]
                                                                             

Animation 88: _MethodAnimation(MathTex('\\text{Cycle length} = 3')), etc.:   0%|          | 0/1 [00:00<?, ?it/s]
                                                                                                                

Animation 90: _MethodAnimation(MathTex('\\text{Cycle length} = 3')), etc.:   0%|          | 0/1 [00:00<?, ?it/s]
                                                                                                                

Animation 93: FadeOut(VGroup of 2 submobjects), etc.:   0%|          | 0/1 [00:00<?, ?it/s]
                                                                                           

Animation 96: FadeIn(VGroup of 2 submobjects):   0%|          | 0/1 [00:00<?, ?it/s]
                                                                                    

Animation 97: FadeIn(VGroup of 2 submobjects):   0%|          | 0/1 [00:00<?, ?it/s]
                                                                                    

Animation 99: FadeIn(VGroup of 2 submobjects):   0%|          | 0/1 [00:00<?, ?it/s]
                                                                                    

Animation 101: FadeIn(VGroup of 2 submobjects):   0%|          | 0/1 [00:00<?, ?it/s]
                                                                                     

Animation 104: FadeOut(VGroup of 2 submobjects), etc.:   0%|          | 0/1 [00:00<?, ?it/s]
                                                                                            
